Warning: You are sending unauthenticated requests to the HF Hub. Please set a HF_TOKEN to enable higher rate limits and faster downloads.
[transformers] Token indices sequence length is longer than the specified maximum sequence length for this model (1106 > 1024). Running this sequence through the model will result in indexing errors

=== flat_ar_seed0_hobase.pt (opt=adamw, patch L=3) ===
      p   w_er  act_er   ar_ce  nov@f1   ppl@f1
   0.25  0.996   0.191   3.707   0.826      6.9
   0.50  0.985   0.207   3.254   0.824      5.6
   0.75  0.966   0.223   2.995   0.820      4.4
   1.00  0.939   0.239   2.896   0.826      4.3
   1.50  0.864   0.242   3.269   0.861      7.4
   2.00  0.766   0.156   4.605   0.886     17.8
[transformers] Token indices sequence length is longer than the specified maximum sequence length for this model (1106 > 1024). Running this sequence through the model will result in indexing errors

=== flat_ar_seed0_muon_hobase.pt (opt=muon, patch L=3) ===
      p   w_er  act_er   ar_ce  nov@f1   ppl@f1
   0.25  0.998   0.102   3.525   0.927     11.1
   0.50  0.991   0.102   3.240   0.913      9.4
   0.75  0.980   0.099   3.097   0.894      7.8
   1.00  0.966   0.092   3.059   0.888      6.8
   1.50  0.928   0.078   3.172   0.880      6.8
   2.00  0.882   0.067   3.435   0.882      7.7

Wrote results/spectrum_surgery_seed0.json
